../Core/Src/main.c:105:5:main	128	static
../Core/Src/main.c:195:6:SystemClock_Config	88	static
../Core/Src/main.c:241:13:MX_ADC1_Init	24	static
../Core/Src/main.c:293:13:MX_I2C1_Init	8	static
../Core/Src/main.c:327:13:MX_SPI1_Init	8	static
../Core/Src/main.c:365:13:MX_SPI2_Init	8	static
../Core/Src/main.c:403:13:MX_GPIO_Init	48	static
../Core/Src/main.c:463:6:DAC_init	24	static
../Core/Src/main.c:492:6:DAC_set	32	static
../Core/Src/main.c:513:6:StartDefaultTask	24	static
../Core/Src/main.c:537:6:tarea_carga_control	40	static
../Core/Src/main.c:614:6:tarea_error_handler	16	static
../Core/Src/main.c:629:6:Error_Handler	4	static,ignoring_inline_asm
