../Core/Src/main.c:89:5:main	48	static
../Core/Src/main.c:165:6:SystemClock_Config	88	static
../Core/Src/main.c:211:13:MX_ADC1_Init	24	static
../Core/Src/main.c:263:13:MX_I2C1_Init	8	static
../Core/Src/main.c:297:13:MX_SPI1_Init	8	static
../Core/Src/main.c:335:13:MX_SPI2_Init	8	static
../Core/Src/main.c:373:13:MX_GPIO_Init	48	static
../Core/Src/main.c:433:6:DAC_init	24	static
../Core/Src/main.c:460:6:DAC_set	32	static
../Core/Src/main.c:481:6:StartDefaultTask	16	static
../Core/Src/main.c:512:6:Error_Handler	4	static,ignoring_inline_asm
