16:58:33 **** Incremental Build of configuration Debug for project Carga_Electronica ****
make -j20 all 
arm-none-eabi-gcc "../Core/Src/adc_function.c" -mcpu=cortex-m4 -std=gnu11 -g3 -DDEBUG -DUSE_HAL_DRIVER -DSTM32F411xE -c -I../Core/Inc -I../Drivers/STM32F4xx_HAL_Driver/Inc -I../Drivers/STM32F4xx_HAL_Driver/Inc/Legacy -I../Drivers/CMSIS/Device/ST/STM32F4xx/Include -I../Drivers/CMSIS/Include -I../Middlewares/Third_Party/FreeRTOS/Source/include -I../Middlewares/Third_Party/FreeRTOS/Source/CMSIS_RTOS -I../Middlewares/Third_Party/FreeRTOS/Source/portable/GCC/ARM_CM4F -O0 -ffunction-sections -fdata-sections -Wall -fstack-usage -fcyclomatic-complexity -MMD -MP -MF"Core/Src/adc_function.d" -MT"Core/Src/adc_function.o" --specs=nano.specs -mfpu=fpv4-sp-d16 -mfloat-abi=hard -mthumb -o "Core/Src/adc_function.o"
arm-none-eabi-gcc "../Core/Src/main.c" -mcpu=cortex-m4 -std=gnu11 -g3 -DDEBUG -DUSE_HAL_DRIVER -DSTM32F411xE -c -I../Core/Inc -I../Drivers/STM32F4xx_HAL_Driver/Inc -I../Drivers/STM32F4xx_HAL_Driver/Inc/Legacy -I../Drivers/CMSIS/Device/ST/STM32F4xx/Include -I../Drivers/CMSIS/Include -I../Middlewares/Third_Party/FreeRTOS/Source/include -I../Middlewares/Third_Party/FreeRTOS/Source/CMSIS_RTOS -I../Middlewares/Third_Party/FreeRTOS/Source/portable/GCC/ARM_CM4F -O0 -ffunction-sections -fdata-sections -Wall -fstack-usage -fcyclomatic-complexity -MMD -MP -MF"Core/Src/main.d" -MT"Core/Src/main.o" --specs=nano.specs -mfpu=fpv4-sp-d16 -mfloat-abi=hard -mthumb -o "Core/Src/main.o"
../Core/Src/main.c: In function 'DAC_init':
../Core/Src/main.c:477:27: warning: '<<' in boolean context, did you mean '<'? [-Wint-in-bool-context]
  477 |         i2cRX = (buffer[3]<<8) || buffer[4];
      |                 ~~~~~~~~~~^~~~
../Core/Src/main.c: In function 'DAC_set':
../Core/Src/main.c:501:24: warning: 'return' with a value, in function returning void [-Wreturn-type]
  501 |                 return HAL_I2C_Master_Transmit(&hi2c1, MCP4725_ADDR, 0, 2,HAL_MAX_DELAY);
      |                        ^~~~~~~~~~~~~~~~~~~~~~~~~~~~~~~~~~~~~~~~~~~~~~~~~~~~~~~~~~~~~~~~~
../Core/Src/main.c:497:6: note: declared here
  497 | void DAC_set(float setPoint){   //setPoint = valor en mV.
      |      ^~~~~~~
../Core/Src/main.c: In function 'tarea_carga_control':
../Core/Src/main.c:558:17: warning: unused variable 'evt' [-Wunused-variable]
  558 |         osEvent evt;
      |                 ^~~
../Core/Src/main.c:557:30: warning: unused variable 'ptr' [-Wunused-variable]
  557 |         CARGA_HandleTypeDef *ptr;
      |                              ^~~
../Core/Src/main.c: In function 'lectura_datos':
../Core/Src/main.c:617:15: warning: variable 'medicion' set but not used [-Wunused-but-set-variable]
  617 |         float medicion = 0;
      |               ^~~~~~~~
arm-none-eabi-gcc -o "Carga_Electronica.elf" @"objects.list"   -mcpu=cortex-m4 -T"C:\Users\nicol\OneDrive\Documents\UNIVERSIDAD TECNOLOGICA NACIONAL\PROYECTO FINAL\Carga_Electronica\STM32F411CEUX_FLASH.ld" --specs=nosys.specs -Wl,-Map="Carga_Electronica.map" -Wl,--gc-sections -static --specs=nano.specs -mfpu=fpv4-sp-d16 -mfloat-abi=hard -mthumb -Wl,--start-group -lc -lm -Wl,--end-group
Finished building target: Carga_Electronica.elf
 
arm-none-eabi-size   Carga_Electronica.elf 
arm-none-eabi-objdump -h -S  Carga_Electronica.elf  > "Carga_Electronica.list"
   text	   data	    bss	    dec	    hex	filename
  21912	     24	  18224	  40160	   9ce0	Carga_Electronica.elf
Finished building: default.size.stdout
 
Finished building: Carga_Electronica.list
 
17:00:01 **** Incremental Build of configuration Debug for project Carga_Electronica ****
make -j20 all 
arm-none-eabi-size   Carga_Electronica.elf 
   text	   data	    bss	    dec	    hex	filename
  21912	     24	  18224	  40160	   9ce0	Carga_Electronica.elf
Finished building: default.size.stdout
 
17:01:23 **** Incremental Build of configuration Debug for project Carga_Electronica ****
make -j20 all 
arm-none-eabi-size   Carga_Electronica.elf 
   text	   data	    bss	    dec	    hex	filename
  21912	     24	  18224	  40160	   9ce0	Carga_Electronica.elf
Finished building: default.size.stdout
 
17:03:18 **** Incremental Build of configuration Debug for project Carga_Electronica ****
make -j20 all 
arm-none-eabi-size   Carga_Electronica.elf 
   text	   data	    bss	    dec	    hex	filename
  21912	     24	  18224	  40160	   9ce0	Carga_Electronica.elf
Finished building: default.size.stdout
 
17:04:25 **** Incremental Build of configuration Debug for project Carga_Electronica ****
make -j20 all 
arm-none-eabi-size   Carga_Electronica.elf 
   text	   data	    bss	    dec	    hex	filename
  21912	     24	  18224	  40160	   9ce0	Carga_Electronica.elf
Finished building: default.size.stdout
 
17:09:16 **** Incremental Build of configuration Debug for project Carga_Electronica ****
make -j20 all 
arm-none-eabi-size   Carga_Electronica.elf 
   text	   data	    bss	    dec	    hex	filename
  21912	     24	  18224	  40160	   9ce0	Carga_Electronica.elf
Finished building: default.size.stdout
 
17:15:35 **** Incremental Build of configuration Debug for project Carga_Electronica ****
make -j20 all 
arm-none-eabi-size   Carga_Electronica.elf 
   text	   data	    bss	    dec	    hex	filename
  21912	     24	  18224	  40160	   9ce0	Carga_Electronica.elf
Finished building: default.size.stdout
 
17:17:35 **** Incremental Build of configuration Debug for project Carga_Electronica ****
make -j20 all 
arm-none-eabi-size   Carga_Electronica.elf 
   text	   data	    bss	    dec	    hex	filename
  21912	     24	  18224	  40160	   9ce0	Carga_Electronica.elf
Finished building: default.size.stdout
 
17:28:23 **** Incremental Build of configuration Debug for project Carga_Electronica ****
make -j20 all 
arm-none-eabi-gcc "../Core/Src/main.c" -mcpu=cortex-m4 -std=gnu11 -g3 -DDEBUG -DUSE_HAL_DRIVER -DSTM32F411xE -c -I../Core/Inc -I../Drivers/STM32F4xx_HAL_Driver/Inc -I../Drivers/STM32F4xx_HAL_Driver/Inc/Legacy -I../Drivers/CMSIS/Device/ST/STM32F4xx/Include -I../Drivers/CMSIS/Include -I../Middlewares/Third_Party/FreeRTOS/Source/include -I../Middlewares/Third_Party/FreeRTOS/Source/CMSIS_RTOS -I../Middlewares/Third_Party/FreeRTOS/Source/portable/GCC/ARM_CM4F -O0 -ffunction-sections -fdata-sections -Wall -fstack-usage -fcyclomatic-complexity -MMD -MP -MF"Core/Src/main.d" -MT"Core/Src/main.o" --specs=nano.specs -mfpu=fpv4-sp-d16 -mfloat-abi=hard -mthumb -o "Core/Src/main.o"
../Core/Src/main.c: In function 'DAC_init':
../Core/Src/main.c:477:27: warning: '<<' in boolean context, did you mean '<'? [-Wint-in-bool-context]
  477 |         i2cRX = (buffer[3]<<8) || buffer[4];
      |                 ~~~~~~~~~~^~~~
../Core/Src/main.c: In function 'DAC_set':
../Core/Src/main.c:501:24: warning: 'return' with a value, in function returning void [-Wreturn-type]
  501 |                 return HAL_I2C_Master_Transmit(&hi2c1, MCP4725_ADDR, 0, 2,HAL_MAX_DELAY);
      |                        ^~~~~~~~~~~~~~~~~~~~~~~~~~~~~~~~~~~~~~~~~~~~~~~~~~~~~~~~~~~~~~~~~
../Core/Src/main.c:497:6: note: declared here
  497 | void DAC_set(float setPoint){   //setPoint = valor en mV.
      |      ^~~~~~~
../Core/Src/main.c: In function 'tarea_carga_control':
../Core/Src/main.c:558:17: warning: unused variable 'evt' [-Wunused-variable]
  558 |         osEvent evt;
      |                 ^~~
../Core/Src/main.c:557:30: warning: unused variable 'ptr' [-Wunused-variable]
  557 |         CARGA_HandleTypeDef *ptr;
      |                              ^~~
../Core/Src/main.c: In function 'lectura_datos':
../Core/Src/main.c:617:15: warning: variable 'medicion' set but not used [-Wunused-but-set-variable]
  617 |         float medicion = 0;
      |               ^~~~~~~~
arm-none-eabi-gcc -o "Carga_Electronica.elf" @"objects.list"   -mcpu=cortex-m4 -T"C:\Users\nicol\OneDrive\Documents\UNIVERSIDAD TECNOLOGICA NACIONAL\PROYECTO FINAL\Carga_Electronica\STM32F411CEUX_FLASH.ld" --specs=nosys.specs -Wl,-Map="Carga_Electronica.map" -Wl,--gc-sections -static --specs=nano.specs -mfpu=fpv4-sp-d16 -mfloat-abi=hard -mthumb -Wl,--start-group -lc -lm -Wl,--end-group
Finished building target: Carga_Electronica.elf
 
arm-none-eabi-size   Carga_Electronica.elf 
arm-none-eabi-objdump -h -S  Carga_Electronica.elf  > "Carga_Electronica.list"
   text	   data	    bss	    dec	    hex	filename
  21912	     24	  18224	  40160	   9ce0	Carga_Electronica.elf
Finished building: default.size.stdout
 
Finished building: Carga_Electronica.list
 
17:37:12 **** Incremental Build of configuration Debug for project Carga_Electronica ****
make -j20 all 
arm-none-eabi-gcc "../Core/Src/adc_function.c" -mcpu=cortex-m4 -std=gnu11 -g3 -DDEBUG -DUSE_HAL_DRIVER -DSTM32F411xE -c -I../Core/Inc -I../Drivers/STM32F4xx_HAL_Driver/Inc -I../Drivers/STM32F4xx_HAL_Driver/Inc/Legacy -I../Drivers/CMSIS/Device/ST/STM32F4xx/Include -I../Drivers/CMSIS/Include -I../Middlewares/Third_Party/FreeRTOS/Source/include -I../Middlewares/Third_Party/FreeRTOS/Source/CMSIS_RTOS -I../Middlewares/Third_Party/FreeRTOS/Source/portable/GCC/ARM_CM4F -O0 -ffunction-sections -fdata-sections -Wall -fstack-usage -fcyclomatic-complexity -MMD -MP -MF"Core/Src/adc_function.d" -MT"Core/Src/adc_function.o" --specs=nano.specs -mfpu=fpv4-sp-d16 -mfloat-abi=hard -mthumb -o "Core/Src/adc_function.o"
arm-none-eabi-gcc -o "Carga_Electronica.elf" @"objects.list"   -mcpu=cortex-m4 -T"C:\Users\nicol\OneDrive\Documents\UNIVERSIDAD TECNOLOGICA NACIONAL\PROYECTO FINAL\Carga_Electronica\STM32F411CEUX_FLASH.ld" --specs=nosys.specs -Wl,-Map="Carga_Electronica.map" -Wl,--gc-sections -static --specs=nano.specs -mfpu=fpv4-sp-d16 -mfloat-abi=hard -mthumb -Wl,--start-group -lc -lm -Wl,--end-group
Finished building target: Carga_Electronica.elf
 
arm-none-eabi-size   Carga_Electronica.elf 
arm-none-eabi-objdump -h -S  Carga_Electronica.elf  > "Carga_Electronica.list"
   text	   data	    bss	    dec	    hex	filename
  21880	     24	  18224	  40128	   9cc0	Carga_Electronica.elf
Finished building: default.size.stdout
 
Finished building: Carga_Electronica.list
 
17:38:54 **** Incremental Build of configuration Debug for project Carga_Electronica ****
make -j20 all 
arm-none-eabi-gcc "../Core/Src/adc_function.c" -mcpu=cortex-m4 -std=gnu11 -g3 -DDEBUG -DUSE_HAL_DRIVER -DSTM32F411xE -c -I../Core/Inc -I../Drivers/STM32F4xx_HAL_Driver/Inc -I../Drivers/STM32F4xx_HAL_Driver/Inc/Legacy -I../Drivers/CMSIS/Device/ST/STM32F4xx/Include -I../Drivers/CMSIS/Include -I../Middlewares/Third_Party/FreeRTOS/Source/include -I../Middlewares/Third_Party/FreeRTOS/Source/CMSIS_RTOS -I../Middlewares/Third_Party/FreeRTOS/Source/portable/GCC/ARM_CM4F -O0 -ffunction-sections -fdata-sections -Wall -fstack-usage -fcyclomatic-complexity -MMD -MP -MF"Core/Src/adc_function.d" -MT"Core/Src/adc_function.o" --specs=nano.specs -mfpu=fpv4-sp-d16 -mfloat-abi=hard -mthumb -o "Core/Src/adc_function.o"
arm-none-eabi-gcc "../Core/Src/main.c" -mcpu=cortex-m4 -std=gnu11 -g3 -DDEBUG -DUSE_HAL_DRIVER -DSTM32F411xE -c -I../Core/Inc -I../Drivers/STM32F4xx_HAL_Driver/Inc -I../Drivers/STM32F4xx_HAL_Driver/Inc/Legacy -I../Drivers/CMSIS/Device/ST/STM32F4xx/Include -I../Drivers/CMSIS/Include -I../Middlewares/Third_Party/FreeRTOS/Source/include -I../Middlewares/Third_Party/FreeRTOS/Source/CMSIS_RTOS -I../Middlewares/Third_Party/FreeRTOS/Source/portable/GCC/ARM_CM4F -O0 -ffunction-sections -fdata-sections -Wall -fstack-usage -fcyclomatic-complexity -MMD -MP -MF"Core/Src/main.d" -MT"Core/Src/main.o" --specs=nano.specs -mfpu=fpv4-sp-d16 -mfloat-abi=hard -mthumb -o "Core/Src/main.o"
../Core/Src/main.c: In function 'DAC_init':
../Core/Src/main.c:477:27: warning: '<<' in boolean context, did you mean '<'? [-Wint-in-bool-context]
  477 |         i2cRX = (buffer[3]<<8) || buffer[4];
      |                 ~~~~~~~~~~^~~~
../Core/Src/main.c: In function 'DAC_set':
../Core/Src/main.c:501:24: warning: 'return' with a value, in function returning void [-Wreturn-type]
  501 |                 return HAL_I2C_Master_Transmit(&hi2c1, MCP4725_ADDR, 0, 2,HAL_MAX_DELAY);
      |                        ^~~~~~~~~~~~~~~~~~~~~~~~~~~~~~~~~~~~~~~~~~~~~~~~~~~~~~~~~~~~~~~~~
../Core/Src/main.c:497:6: note: declared here
  497 | void DAC_set(float setPoint){   //setPoint = valor en mV.
      |      ^~~~~~~
../Core/Src/main.c: In function 'tarea_carga_control':
../Core/Src/main.c:558:17: warning: unused variable 'evt' [-Wunused-variable]
  558 |         osEvent evt;
      |                 ^~~
../Core/Src/main.c:557:30: warning: unused variable 'ptr' [-Wunused-variable]
  557 |         CARGA_HandleTypeDef *ptr;
      |                              ^~~
../Core/Src/main.c: In function 'lectura_datos':
../Core/Src/main.c:617:15: warning: variable 'medicion' set but not used [-Wunused-but-set-variable]
  617 |         float medicion = 0;
      |               ^~~~~~~~
arm-none-eabi-gcc -o "Carga_Electronica.elf" @"objects.list"   -mcpu=cortex-m4 -T"C:\Users\nicol\OneDrive\Documents\UNIVERSIDAD TECNOLOGICA NACIONAL\PROYECTO FINAL\Carga_Electronica\STM32F411CEUX_FLASH.ld" --specs=nosys.specs -Wl,-Map="Carga_Electronica.map" -Wl,--gc-sections -static --specs=nano.specs -mfpu=fpv4-sp-d16 -mfloat-abi=hard -mthumb -Wl,--start-group -lc -lm -Wl,--end-group
Finished building target: Carga_Electronica.elf
 
arm-none-eabi-size   Carga_Electronica.elf 
arm-none-eabi-objdump -h -S  Carga_Electronica.elf  > "Carga_Electronica.list"
   text	   data	    bss	    dec	    hex	filename
  21912	     24	  18224	  40160	   9ce0	Carga_Electronica.elf
Finished building: default.size.stdout
 
Finished building: Carga_Electronica.list
 
